[tad.gitbooks.io/ck2_learning/content/uniform_server_zheng_he_si_fu_qi.html]
[backblue.gif]
[fade.gif]
[index.html]
[tad.gitbooks.io/ck2_learning/content/gitbook/images/apple-touch-icon-precomposed-152.png]
[tad.gitbooks.io/ck2_learning/content/gitbook/images/favicon.ico]
[tad.gitbooks.io/ck2_learning/content/ji_ben_she_ding.html]
[tad.gitbooks.io/ck2_learning/content/index.html]
[tad.gitbooks.io/ck2_learning/content/gitbook/style.css]
[tad.gitbooks.io/ck2_learning/content/dong_tai_dns_she_ding.html]
[tad.gitbooks.io/ck2_learning/content/zi_hai_ce_shi_yong_wang_zhi.html]
[tad.gitbooks.io/ck2_learning/content/jian_li_duo_wang_zhan_xu_ni_zhu_ji.html]
[tad.gitbooks.io/ck2_learning/content/qi_ta_gong_neng.html]
[tad.gitbooks.io/ck2_learning/content/gitbook_xian_shang_chu_ban_gong_ju.html]
[tad.gitbooks.io/ck2_learning/content/markdown_yu_fa.html]
[tad.gitbooks.io/ck2_learning/content/coggle_xian_shang_xin_zhi_tu_gong_ju.html]
[tad.gitbooks.io/ck2_learning/content/drawio_xian_shang_liu_cheng_tu_gong_ju.html]
[tad.gitbooks.io/ck2_learning/content/x204.png]
[tad.gitbooks.io/ck2_learning/content/x205.png]
[tad.gitbooks.io/ck2_learning/content/uniform_server_zheng_he_si_fu_qi.html]
[tad.gitbooks.io/ck2_learning/content/gitbook/app.js]
[tad.gitbooks.io/ck2_learning/content/x209.png]
[tad.gitbooks.io/ck2_learning/content/x206.png]
[tad.gitbooks.io/ck2_learning/content/x207.png]
[tad.gitbooks.io/ck2_learning/content/x208.png]
[tad.gitbooks.io/ck2_learning/content/ji_ben_she_ding.html]
[tad.gitbooks.io/ck2_learning/content/index.html]
[tad.gitbooks.io/ck2_learning/content/gitbook/fonts/fontawesome/fontawesome-webfont862f.eot]
[tad.gitbooks.io/ck2_learning/content/gitbook/fonts/fontawesome/fontawesome-webfontd41d.eot]
[tad.gitbooks.io/ck2_learning/content/gitbook/fonts/fontawesome/fontawesome-webfont862f.woff]
[tad.gitbooks.io/ck2_learning/content/gitbook/fonts/fontawesome/fontawesome-webfont862f.ttf]
[tad.gitbooks.io/ck2_learning/content/gitbook/fonts/fontawesome/fontawesome-webfont862f.svg]
[tad.gitbooks.io/ck2_learning/content/gitbook/fonts/merriweather/250.woff]
[tad.gitbooks.io/ck2_learning/content/gitbook/fonts/merriweather/250i.woff]
[tad.gitbooks.io/ck2_learning/content/gitbook/fonts/merriweather/400.woff]
[tad.gitbooks.io/ck2_learning/content/gitbook/fonts/merriweather/400i.woff]
[tad.gitbooks.io/ck2_learning/content/gitbook/fonts/merriweather/700.woff]
[tad.gitbooks.io/ck2_learning/content/gitbook/fonts/merriweather/700i.woff]
[tad.gitbooks.io/ck2_learning/content/gitbook/fonts/merriweather/900.woff]
[tad.gitbooks.io/ck2_learning/content/gitbook/fonts/merriweather/900i.woff]
[tad.gitbooks.io/ck2_learning/content/gitbook/fonts/opensans/300.woff]
[tad.gitbooks.io/ck2_learning/content/gitbook/fonts/opensans/300i.woff]
[tad.gitbooks.io/ck2_learning/content/gitbook/fonts/opensans/400.woff]
[tad.gitbooks.io/ck2_learning/content/gitbook/fonts/opensans/400i.woff]
[tad.gitbooks.io/ck2_learning/content/gitbook/fonts/opensans/600.woff]
[tad.gitbooks.io/ck2_learning/content/gitbook/fonts/opensans/600i.woff]
[tad.gitbooks.io/ck2_learning/content/gitbook/fonts/opensans/700.woff]
[tad.gitbooks.io/ck2_learning/content/gitbook/fonts/opensans/700i.woff]
[tad.gitbooks.io/ck2_learning/content/gitbook/style.css]
[tad.gitbooks.io/ck2_learning/content/火狐截圖_2015-04-25T17-08-37.868Z.png]
[tad.gitbooks.io/ck2_learning/content/snap004.png]
[tad.gitbooks.io/ck2_learning/content/snap005.png]
[tad.gitbooks.io/ck2_learning/content/火狐截圖_2015-04-25T17-39-43.879Z.png]
[tad.gitbooks.io/ck2_learning/content/dong_tai_dns_she_ding.html]
[tad.gitbooks.io/ck2_learning/content/snap006.png]
[tad.gitbooks.io/ck2_learning/content/zi_hai_ce_shi_yong_wang_zhi.html]
[tad.gitbooks.io/ck2_learning/content/snap007.png]
[tad.gitbooks.io/ck2_learning/content/snap008.png]
[tad.gitbooks.io/ck2_learning/content/jian_li_duo_wang_zhan_xu_ni_zhu_ji.html]
[tad.gitbooks.io/ck2_learning/content/qi_ta_gong_neng.html]
[tad.gitbooks.io/ck2_learning/content/snap01.png]
[tad.gitbooks.io/ck2_learning/content/snap05.png]
[tad.gitbooks.io/ck2_learning/content/snap03.png]
[tad.gitbooks.io/ck2_learning/content/snap04.png]
[tad.gitbooks.io/ck2_learning/content/gitbook_xian_shang_chu_ban_gong_ju.html]
[tad.gitbooks.io/ck2_learning/content/markdown_yu_fa.html]
[tad.gitbooks.io/ck2_learning/content/coggle_xian_shang_xin_zhi_tu_gong_ju.html]
[tad.gitbooks.io/ck2_learning/content/drawio_xian_shang_liu_cheng_tu_gong_ju.html]
[www.google-analytics.com/analytics.js]
[tad.gitbooks.io/ck2_learning/content/index-2.html]
[tad.gitbooks.io/ck2_learning/content/gitbook/fonts/fontawesome/fontawesome-webfont862f.svg]
